{ "student": {
  "stid": "10213",
  "info": {
   "sex": "male"
  },
  "course": [
   {
    "name": "math",
    "score": "90"
   },
   {
    "name": "english",
    "score": "8810"
   }
  ]
 }
}